// Jest Snapshot v1, https://goo.gl/fbAQLP

exports[`HintsCard snapshot snapshot: renders hints setting card multiple hints 1`] = `
<SettingsOption
  summary=" {count, plural, =0 {} other {(+# more)}}"
  title="Hints"
>
  <InjectIntl(ShimmedIntlComponent)
    handleChange={[MockFunction hintsRowHooks.handleChange]}
    handleDelete={[MockFunction hintsRowHooks.handleDelete]}
    id={1}
    key="1"
    value="hint1"
  />
  <InjectIntl(ShimmedIntlComponent)
    handleChange={[MockFunction hintsRowHooks.handleChange]}
    handleDelete={[MockFunction hintsRowHooks.handleDelete]}
    id={2}
    key="2"
    value=""
  />
  <Button
    className="my-3 ml-2"
    onClick={[MockFunction hintsCardHooks.handleAdd]}
    variant="tertiary"
  >
    <FormattedMessage
      defaultMessage="Add hint"
      description="Add hint button text"
      id="authoring.problemeditor.settings.hint.addHintButton"
    />
  </Button>
</SettingsOption>
`;

exports[`HintsCard snapshot snapshot: renders hints setting card no hints 1`] = `
<SettingsOption
  summary="No Hints"
  title="Hints"
>
  <Button
    className="my-3 ml-2"
    onClick={[MockFunction hintsCardHooks.handleAdd]}
    variant="tertiary"
  >
    <FormattedMessage
      defaultMessage="Add hint"
      description="Add hint button text"
      id="authoring.problemeditor.settings.hint.addHintButton"
    />
  </Button>
</SettingsOption>
`;

exports[`HintsCard snapshot snapshot: renders hints setting card one hint 1`] = `
<SettingsOption
  summary="hint1 {count, plural, =0 {} other {(+# more)}}"
  title="Hints"
>
  <InjectIntl(ShimmedIntlComponent)
    handleChange={[MockFunction hintsRowHooks.handleChange]}
    handleDelete={[MockFunction hintsRowHooks.handleDelete]}
    id={1}
    key="1"
    value="hint1"
  />
  <Button
    className="my-3 ml-2"
    onClick={[MockFunction hintsCardHooks.handleAdd]}
    variant="tertiary"
  >
    <FormattedMessage
      defaultMessage="Add hint"
      description="Add hint button text"
      id="authoring.problemeditor.settings.hint.addHintButton"
    />
  </Button>
</SettingsOption>
`;
