// Jest Snapshot v1, https://goo.gl/fbAQLP

exports[`RandomizationCard snapshot snapshot: randomization setting card 1`] = `
<SettingsOption
  summary="Never"
  title="Randomization"
>
  <div>
    <span>
      <FormattedMessage
        defaultMessage="Defines when to randomize the variables specified in the associated Python script. For problems that do not randomize values, specify \\"Never\\"."
        description="Randomization settings card text"
        id="authoring.problemeditor.settings.randomization.text"
      />
    </span>
  </div>
  <div>
    <Hyperlink
      destination="#"
      target="_blank"
    >
      <FormattedMessage
        defaultMessage="Set a default value in advanced settings"
        description="Advanced settings link text"
        id="authoring.problemeditor.settings.advancedSettingLink.text"
      />
    </Hyperlink>
  </div>
  <Form.Group>
    <Form.Control
      as="select"
      onChange={[MockFunction randomizationCardHooks.handleChange]}
      value="never"
    >
      <option
        key="0"
        value="always"
      >
        Always
      </option>
      <option
        key="1"
        value="onreset"
      >
        On Reset
      </option>
      <option
        key="2"
        value="never"
      >
        Never
      </option>
      <option
        key="3"
        value="per_student"
      >
        Per Student
      </option>
    </Form.Control>
  </Form.Group>
</SettingsOption>
`;
